[Rank 0] Reading input data...
[Rank 0] Finished reading and setup.
[0;34m[TOC] Read K and M file time: 0.135779 s[0m
[0;32m[TIC] CMS::solve start[0m
[0;32m[TIC] CMS::preprocess start[0m
[Rank 0] Total 6 MPI processes started.
[0;32m[TIC] CMS::permute start[0m
[0;34m[TOC] CMS::permute time: 0.0351682 s[0m
[Rank 0] Permutation completed.
[Rank 0] Sending to itself with nrows = 204696, nnzK = 819427, nnzM = 819427
[Rank 0] Sending subsystem to process 1 with nrows = 41297, nnzK = 166294, nnzM = 166294
[Rank 0] Sending subsystem to process 2 with nrows = 32290, nnzK = 130165, nnzM = 130165
[Rank 0] Sending subsystem to process 3 with nrows = 35941, nnzK = 144712, nnzM = 144712
[Rank 0] Sending subsystem to process 4 with nrows = 25597, nnzK = 103163, nnzM = 103163
[Rank 0] Sending subsystem to process 5 with nrows = 22040, nnzK = 88513, nnzM = 88513
[0;34m[TOC] CMS::preprocess time: 0.0846418 s[0m
[0;32m[TIC] CMS::solveCore start[0m
[0;32m[TIC] CMS::solveSSystem start[0m
[Rank 4] Need eigenvalues: 50, Solving subsystem matrix...
[Rank 5] Need eigenvalues: 50, Solving subsystem matrix...
[Rank 2] Need eigenvalues: 50, Solving subsystem matrix...
[Rank 3] Need eigenvalues: 50, Solving subsystem matrix...
[Rank 1] Need eigenvalues: 50, Solving subsystem matrix...
[1;31;40m[Rank 4] Number of converged eigenpairs: 53, the smallest is: 86.1967[0m
[Rank 0] Need eigenvalues: 50, Solving subsystem matrix...
[1;31;40m[Rank 2] Number of converged eigenpairs: 50, the smallest is: 87.1508[0m
[1;31;40m[Rank 5] Number of converged eigenpairs: 52, the smallest is: 20.8876[0m
[1;31;40m[Rank 3] Number of converged eigenpairs: 52, the smallest is: 53.7177[0m
[1;31;40m[Rank 1] Number of converged eigenpairs: 52, the smallest is: 52.7309[0m
[1;31;40m[Rank 0] Number of converged eigenpairs: 54, the smallest is: 2.67029[0m
[0;34m[TOC] CMS::solveSSystem time: 12.7392 s[0m
[0;34m[TOC] CMS::solveCore time: 12.7393 s[0m
[0;34m[TOC] solve time: 12.8241 s[0m
[Rank 4] Finished writing Partition_1_1_6_p_Substructure_4.ev
[Rank 5] Finished writing Partition_1_1_6_p_Substructure_5.ev
[Rank 2] Finished writing Partition_1_1_6_p_Substructure_2.ev
[Rank 3] Finished writing Partition_1_1_6_p_Substructure_3.ev
[Rank 1] Finished writing Partition_1_1_6_p_Substructure_1.ev
[Rank 0] Finished writing Partition_1_1_6_p_Substructure_0.ev
[0;34m[TOC] CMS::solve time: 13.019 s[0m
WARNING! There are options you set that were not used!
WARNING! could be spelling mistake, etc!
There are 8 unused database options. They are:
Option left: name:--K-path value: /public/bigdata/home/yinjunzhou/Project/FINAL_EX/a_lady/K_ele.csc source: command line
Option left: name:--M-path value: /public/bigdata/home/yinjunzhou/Project/FINAL_EX/a_lady/M_ele.csc source: command line
Option left: name:--nbd value: 0 source: command line
Option left: name:--nep value: 50 source: command line
Option left: name:--nev value: 50 source: command line
Option left: name:--output value: /public/bigdata/home/yinjunzhou/Project/FINAL_EX/a_lady/NEP_50_PD source: command line
Option left: name:--par-path value: ./Partition_1_1_6_p.partition source: command line
Option left: name:--stat_st value: 1 source: command line
[Rank 0] Reading input data...
[Rank 0] Finished reading and setup.
[0;34m[TOC] Read K and M file time: 0.13805 s[0m
[0;32m[TIC] CMS::solve start[0m
[0;32m[TIC] CMS::preprocess start[0m
[Rank 0] Total 7 MPI processes started.
[0;32m[TIC] CMS::permute start[0m
[0;34m[TOC] CMS::permute time: 0.0503581 s[0m
[Rank 0] Permutation completed.
[Rank 0] Sending to itself with nrows = 147786, nnzK = 592083, nnzM = 592083
[Rank 0] Sending subsystem to process 1 with nrows = 79953, nnzK = 321312, nnzM = 321312
[Rank 0] Sending subsystem to process 2 with nrows = 32925, nnzK = 132695, nnzM = 132695
[Rank 0] Sending subsystem to process 3 with nrows = 34903, nnzK = 140609, nnzM = 140609
[Rank 0] Sending subsystem to process 4 with nrows = 31485, nnzK = 126853, nnzM = 126853
[Rank 0] Sending subsystem to process 5 with nrows = 23640, nnzK = 95240, nnzM = 95240
[Rank 0] Sending subsystem to process 6 with nrows = 10428, nnzK = 42006, nnzM = 42006
[0;34m[TOC] CMS::preprocess time: 0.0991267 s[0m
[0;32m[TIC] CMS::solveCore start[0m
[0;32m[TIC] CMS::solveSSystem start[0m
[Rank 6] Need eigenvalues: 50, Solving subsystem matrix...
[Rank 5] Need eigenvalues: 50, Solving subsystem matrix...
[Rank 2] Need eigenvalues: 50, Solving subsystem matrix...
[Rank 4] Need eigenvalues: 50, Solving subsystem matrix...
[Rank 3] Need eigenvalues: 50, Solving subsystem matrix...
[Rank 1] Need eigenvalues: 50, Solving subsystem matrix...
[1;31;40m[Rank 6] Number of converged eigenpairs: 51, the smallest is: 64.4816[0m
[Rank 0] Need eigenvalues: 50, Solving subsystem matrix...
[1;31;40m[Rank 5] Number of converged eigenpairs: 53, the smallest is: 78.2413[0m
[1;31;40m[Rank 3] Number of converged eigenpairs: 51, the smallest is: 80.5768[0m
[1;31;40m[Rank 2] Number of converged eigenpairs: 51, the smallest is: 67.8123[0m
[1;31;40m[Rank 4] Number of converged eigenpairs: 53, the smallest is: 67.4815[0m
[1;31;40m[Rank 1] Number of converged eigenpairs: 51, the smallest is: 29.6405[0m
[1;31;40m[Rank 0] Number of converged eigenpairs: 51, the smallest is: 8.66182[0m
[0;34m[TOC] CMS::solveSSystem time: 10.5871 s[0m
[0;34m[TOC] CMS::solveCore time: 10.5872 s[0m
[0;34m[TOC] solve time: 10.6864 s[0m
[Rank 6] Finished writing Partition_1_1_6_d_Substructure_6.ev
[Rank 5] Finished writing Partition_1_1_6_d_Substructure_5.ev
[Rank 4] Finished writing Partition_1_1_6_d_Substructure_4.ev
[Rank 2] Finished writing Partition_1_1_6_d_Substructure_2.ev
[Rank 3] Finished writing Partition_1_1_6_d_Substructure_3.ev
[Rank 1] Finished writing Partition_1_1_6_d_Substructure_1.ev
[Rank 0] Finished writing Partition_1_1_6_d_Substructure_0.ev
[0;34m[TOC] CMS::solve time: 10.8829 s[0m
WARNING! There are options you set that were not used!
WARNING! could be spelling mistake, etc!
There are 8 unused database options. They are:
Option left: name:--K-path value: /public/bigdata/home/yinjunzhou/Project/FINAL_EX/a_lady/K_ele.csc source: command line
Option left: name:--M-path value: /public/bigdata/home/yinjunzhou/Project/FINAL_EX/a_lady/M_ele.csc source: command line
Option left: name:--nbd value: 0 source: command line
Option left: name:--nep value: 50 source: command line
Option left: name:--nev value: 50 source: command line
Option left: name:--output value: /public/bigdata/home/yinjunzhou/Project/FINAL_EX/a_lady/NEP_50_PD source: command line
Option left: name:--par-path value: ./Partition_1_1_6_d.partition source: command line
Option left: name:--stat_st value: 1 source: command line
open file: /public/bigdata/home/yinjunzhou/Project/FINAL_EX/a_lady/NEP_50_PD/Partition_1_1_6_d_Substructure_0.ev
open file: /public/bigdata/home/yinjunzhou/Project/FINAL_EX/a_lady/NEP_50_PD/Partition_1_1_6_d_Substructure_1.ev
open file: /public/bigdata/home/yinjunzhou/Project/FINAL_EX/a_lady/NEP_50_PD/Partition_1_1_6_d_Substructure_2.ev
open file: /public/bigdata/home/yinjunzhou/Project/FINAL_EX/a_lady/NEP_50_PD/Partition_1_1_6_d_Substructure_3.ev
open file: /public/bigdata/home/yinjunzhou/Project/FINAL_EX/a_lady/NEP_50_PD/Partition_1_1_6_d_Substructure_4.ev
open file: /public/bigdata/home/yinjunzhou/Project/FINAL_EX/a_lady/NEP_50_PD/Partition_1_1_6_d_Substructure_5.ev
open file: /public/bigdata/home/yinjunzhou/Project/FINAL_EX/a_lady/NEP_50_PD/Partition_1_1_6_d_Substructure_6.ev
open file: /public/bigdata/home/yinjunzhou/Project/FINAL_EX/a_lady/NEP_50_PD/Partition_1_1_6_p_Substructure_0.ev
open file: /public/bigdata/home/yinjunzhou/Project/FINAL_EX/a_lady/NEP_50_PD/Partition_1_1_6_p_Substructure_1.ev
open file: /public/bigdata/home/yinjunzhou/Project/FINAL_EX/a_lady/NEP_50_PD/Partition_1_1_6_p_Substructure_2.ev
open file: /public/bigdata/home/yinjunzhou/Project/FINAL_EX/a_lady/NEP_50_PD/Partition_1_1_6_p_Substructure_3.ev
open file: /public/bigdata/home/yinjunzhou/Project/FINAL_EX/a_lady/NEP_50_PD/Partition_1_1_6_p_Substructure_4.ev
open file: /public/bigdata/home/yinjunzhou/Project/FINAL_EX/a_lady/NEP_50_PD/Partition_1_1_6_p_Substructure_5.ev
[2026-01-23 00:23:41.385] [info] TOC: set interface modes cost 2.68758 seconds.
[2026-01-23 00:23:42.013] [info] Writing eigenvalues and eigenvectors to: /public/bigdata/home/yinjunzhou/Project/FINAL_EX/a_lady/NEP_50_PD/interface_modes0_Substructure_0.ev, nconv: 51, nrow: 246646
[2026-01-23 00:23:42.267] [info] Writing eigenvalues and eigenvectors to: /public/bigdata/home/yinjunzhou/Project/FINAL_EX/a_lady/NEP_50_PD/interface_modes1_Substructure_0.ev, nconv: 51, nrow: 74074
[2026-01-23 00:23:42.388] [info] Writing eigenvalues and eigenvectors to: /public/bigdata/home/yinjunzhou/Project/FINAL_EX/a_lady/NEP_50_PD/interface_modes2_Substructure_0.ev, nconv: 51, nrow: 68763
[2026-01-23 00:23:42.507] [info] Writing eigenvalues and eigenvectors to: /public/bigdata/home/yinjunzhou/Project/FINAL_EX/a_lady/NEP_50_PD/interface_modes3_Substructure_0.ev, nconv: 53, nrow: 61965
[2026-01-23 00:23:42.607] [info] Writing eigenvalues and eigenvectors to: /public/bigdata/home/yinjunzhou/Project/FINAL_EX/a_lady/NEP_50_PD/interface_modes4_Substructure_0.ev, nconv: 53, nrow: 47993
[2026-01-23 00:23:42.732] [info] Writing eigenvalues and eigenvectors to: /public/bigdata/home/yinjunzhou/Project/FINAL_EX/a_lady/NEP_50_PD/interface_modes5_Substructure_0.ev, nconv: 54, nrow: 228681
[2026-01-23 00:23:42.987] [info] Writing eigenvalues and eigenvectors to: /public/bigdata/home/yinjunzhou/Project/FINAL_EX/a_lady/NEP_50_PD/interface_modes6_Substructure_0.ev, nconv: 52, nrow: 113437
[2026-01-23 00:23:43.135] [info] Writing eigenvalues and eigenvectors to: /public/bigdata/home/yinjunzhou/Project/FINAL_EX/a_lady/NEP_50_PD/interface_modes7_Substructure_0.ev, nconv: 50, nrow: 68305
[2026-01-23 00:23:43.244] [info] Writing eigenvalues and eigenvectors to: /public/bigdata/home/yinjunzhou/Project/FINAL_EX/a_lady/NEP_50_PD/interface_modes8_Substructure_0.ev, nconv: 52, nrow: 66918
[2026-01-23 00:23:43.346] [info] Writing eigenvalues and eigenvectors to: /public/bigdata/home/yinjunzhou/Project/FINAL_EX/a_lady/NEP_50_PD/interface_modes9_Substructure_0.ev, nconv: 53, nrow: 55516
[2026-01-23 00:23:43.437] [info] Writing eigenvalues and eigenvectors to: /public/bigdata/home/yinjunzhou/Project/FINAL_EX/a_lady/NEP_50_PD/interface_modes10_Substructure_0.ev, nconv: 52, nrow: 34365
[2026-01-23 00:24:02.480] [info] TOC: Spectra get ground truth cost 18.435238 seconds.
[2026-01-23 00:24:02.480] [info] Spectra factorization cost is 0 s
4.60404e-14     1.21667     3.31503     5.34254     6.04101     8.69369     10.0217      10.922     13.4949     13.9139     15.3476     18.2413     20.0693     20.5092     23.1875     24.1352     25.8642     26.5223     29.0686     30.2966     32.5418     33.8911     34.0928     35.1696     38.7438     40.1104      42.054     43.9804     44.8041     46.4874     47.6249     48.7554     50.7129     51.8571     54.2526     56.1759     57.8945     59.8894      60.502     62.2393     64.0718      65.037     65.5728     66.3413     68.2943     71.1549     74.2134     75.4832      77.859     79.2882
[2026-01-23 00:24:03.201] [info] ||Kv - MvA|| / ||Kv||, Identity as metric: 1.7557e-08
[2026-01-23 00:24:08.526] [info] ||Kv - MvA|| / ||Kv||, Minv as metric :2.4613e-13
#[INFO]Mesh: #Vertices 3 364316, #Elements 3 728624
open file: /public/bigdata/home/yinjunzhou/Project/FINAL_EX/a_lady/NEP_50_PD/Partition_1_1_6_d_Substructure_0.ev
open file: /public/bigdata/home/yinjunzhou/Project/FINAL_EX/a_lady/NEP_50_PD/Partition_1_1_6_d_Substructure_1.ev
open file: /public/bigdata/home/yinjunzhou/Project/FINAL_EX/a_lady/NEP_50_PD/Partition_1_1_6_d_Substructure_2.ev
open file: /public/bigdata/home/yinjunzhou/Project/FINAL_EX/a_lady/NEP_50_PD/Partition_1_1_6_d_Substructure_3.ev
open file: /public/bigdata/home/yinjunzhou/Project/FINAL_EX/a_lady/NEP_50_PD/Partition_1_1_6_d_Substructure_4.ev
open file: /public/bigdata/home/yinjunzhou/Project/FINAL_EX/a_lady/NEP_50_PD/Partition_1_1_6_d_Substructure_5.ev
open file: /public/bigdata/home/yinjunzhou/Project/FINAL_EX/a_lady/NEP_50_PD/Partition_1_1_6_d_Substructure_6.ev
open file: /public/bigdata/home/yinjunzhou/Project/FINAL_EX/a_lady/NEP_50_PD/Partition_1_1_6_p_Substructure_0.ev
open file: /public/bigdata/home/yinjunzhou/Project/FINAL_EX/a_lady/NEP_50_PD/Partition_1_1_6_p_Substructure_1.ev
open file: /public/bigdata/home/yinjunzhou/Project/FINAL_EX/a_lady/NEP_50_PD/Partition_1_1_6_p_Substructure_2.ev
open file: /public/bigdata/home/yinjunzhou/Project/FINAL_EX/a_lady/NEP_50_PD/Partition_1_1_6_p_Substructure_3.ev
open file: /public/bigdata/home/yinjunzhou/Project/FINAL_EX/a_lady/NEP_50_PD/Partition_1_1_6_p_Substructure_4.ev
open file: /public/bigdata/home/yinjunzhou/Project/FINAL_EX/a_lady/NEP_50_PD/Partition_1_1_6_p_Substructure_5.ev
open file: /public/bigdata/home/yinjunzhou/Project/FINAL_EX/a_lady/NEP_50_PD/interface_modes0_Substructure_0.ev
open file: /public/bigdata/home/yinjunzhou/Project/FINAL_EX/a_lady/NEP_50_PD/interface_modes1_Substructure_0.ev
open file: /public/bigdata/home/yinjunzhou/Project/FINAL_EX/a_lady/NEP_50_PD/interface_modes2_Substructure_0.ev
open file: /public/bigdata/home/yinjunzhou/Project/FINAL_EX/a_lady/NEP_50_PD/interface_modes3_Substructure_0.ev
open file: /public/bigdata/home/yinjunzhou/Project/FINAL_EX/a_lady/NEP_50_PD/interface_modes4_Substructure_0.ev
open file: /public/bigdata/home/yinjunzhou/Project/FINAL_EX/a_lady/NEP_50_PD/interface_modes5_Substructure_0.ev
open file: /public/bigdata/home/yinjunzhou/Project/FINAL_EX/a_lady/NEP_50_PD/interface_modes6_Substructure_0.ev
open file: /public/bigdata/home/yinjunzhou/Project/FINAL_EX/a_lady/NEP_50_PD/interface_modes7_Substructure_0.ev
open file: /public/bigdata/home/yinjunzhou/Project/FINAL_EX/a_lady/NEP_50_PD/interface_modes8_Substructure_0.ev
open file: /public/bigdata/home/yinjunzhou/Project/FINAL_EX/a_lady/NEP_50_PD/interface_modes9_Substructure_0.ev
open file: /public/bigdata/home/yinjunzhou/Project/FINAL_EX/a_lady/NEP_50_PD/interface_modes10_Substructure_0.ev
[2026-01-23 00:24:25.240] [info] TOC: construct reduced K, M cost 12.549279 seconds.
[2026-01-23 00:24:32.778] [info] TIC: solve reduced eigen
[2026-01-23 00:24:33.937] [info] TOC: solve reduced eigen cost 1.159136 seconds.
Attempt 1: max_eigenvalue = 79.2932, mu/sigma = 1000, relative_error = 0.920707
Convergence achieved with mu = 1e-07, sigma = 1e-10
Reduced eigenproblem size (columns of vec_red): 50
eigen values by cms with Subspace 1_1_4+1_1_3:0.000853772     1.21709     3.31525     5.34426     6.04139     8.69428     10.0233     10.9236      13.496     13.9144     15.3483     18.2439     20.0701     20.5102     23.1884     24.1364     25.8651     26.5238     29.0708     30.2978     32.5431     33.8919     34.0946     35.1721     38.7462     40.1126     42.0554      43.982     44.8062     46.4886     47.6256     48.7567     50.7182     51.8585     54.2538      56.178     57.8973     59.8924      60.505     62.2419     64.0744     65.0397     65.5732     66.3438     68.2974     71.1575     74.2166     75.4859     77.8634     79.2932
[2026-01-23 00:24:42.601] [info] ||Kv - MvA|| / ||Kv||, Identity as metric: 2.1804e-01
[2026-01-23 00:24:47.644] [info] ||Kv - MvA|| / ||Kv||, Minv as metric :1.5251e-01
idx	true_ev(SLEPc)		computed_ev		relErr
1	1.216670e+00	1.217093e+00	3.481100e-04
2	3.315032e+00	3.315251e+00	6.626726e-05
3	5.342540e+00	5.344257e+00	3.213177e-04
4	6.041013e+00	6.041386e+00	6.163202e-05
5	8.693689e+00	8.694283e+00	6.842000e-05
6	1.002170e+01	1.002329e+01	1.592758e-04
7	1.092200e+01	1.092357e+01	1.436297e-04
8	1.349486e+01	1.349602e+01	8.594762e-05
9	1.391395e+01	1.391438e+01	3.133627e-05
10	1.534758e+01	1.534834e+01	4.922513e-05
11	1.824129e+01	1.824389e+01	1.426970e-04
12	2.006925e+01	2.007008e+01	4.133698e-05
13	2.050919e+01	2.051015e+01	4.713023e-05
14	2.318755e+01	2.318836e+01	3.496258e-05
15	2.413522e+01	2.413642e+01	4.980522e-05
16	2.586421e+01	2.586509e+01	3.377655e-05
17	2.652235e+01	2.652378e+01	5.380319e-05
18	2.906863e+01	2.907079e+01	7.434193e-05
19	3.029664e+01	3.029777e+01	3.722311e-05
20	3.254183e+01	3.254309e+01	3.874726e-05
21	3.389106e+01	3.389191e+01	2.501843e-05
22	3.409280e+01	3.409462e+01	5.353860e-05
23	3.516957e+01	3.517207e+01	7.092350e-05
24	3.874380e+01	3.874621e+01	6.200623e-05
25	4.011045e+01	4.011262e+01	5.420126e-05
26	4.205402e+01	4.205541e+01	3.293721e-05
27	4.398040e+01	4.398204e+01	3.727861e-05
28	4.480405e+01	4.480618e+01	4.742665e-05
29	4.648736e+01	4.648859e+01	2.635974e-05
30	4.762487e+01	4.762558e+01	1.488435e-05
31	4.875544e+01	4.875674e+01	2.665352e-05
32	5.071295e+01	5.071819e+01	1.032837e-04
33	5.185706e+01	5.185849e+01	2.765982e-05
34	5.425257e+01	5.425382e+01	2.298186e-05
35	5.617590e+01	5.617798e+01	3.705575e-05
36	5.789446e+01	5.789731e+01	4.931938e-05
37	5.988940e+01	5.989244e+01	5.084253e-05
38	6.050200e+01	6.050501e+01	4.978414e-05
39	6.223935e+01	6.224192e+01	4.128580e-05
40	6.407184e+01	6.407440e+01	3.987926e-05
41	6.503699e+01	6.503965e+01	4.100517e-05
42	6.557276e+01	6.557317e+01	6.346840e-06
43	6.634132e+01	6.634385e+01	3.800879e-05
44	6.829428e+01	6.829736e+01	4.500229e-05
45	7.115485e+01	7.115753e+01	3.757532e-05
46	7.421340e+01	7.421656e+01	4.249697e-05
47	7.548322e+01	7.548586e+01	3.508915e-05
48	7.785897e+01	7.786336e+01	5.626835e-05
49	7.928816e+01	7.929321e+01	6.367650e-05
Total num below threshold: 49
[2026-01-23 00:24:47.731] [info] error of eigen values (2-norm): 6.3022e-04
[2026-01-23 00:24:47.731] [info] error of eigen values (Mean): 6.3832e-05
[2026-01-23 00:24:48.243] [info] norm of exact error is 6.6713e+00
